[2025-05-17 13:07:37 : INFO] - Pruning the Cache log file 
[2025-05-17 13:09:02 : INFO] - Cache for URL: http://localhost/wordpress/ has been purged, triggered by action: save_post 
[2025-05-17 13:09:02 : INFO] - Cache for URL: http://localhost/wordpress/ has been purged, triggered by action: save_post 
[2025-05-17 13:09:03 : INFO] - Cache for URL: http://localhost/wordpress/ has been purged, triggered by action: save_post 
[2025-05-17 13:09:19 : INFO] - Cache for URL: http://localhost/wordpress/ has been purged, triggered by action: save_post 
[2025-05-17 13:09:19 : INFO] - Cache for URL: http://localhost/wordpress/ has been purged, triggered by action: save_post 
[2025-05-17 13:09:20 : INFO] - Cache for URL: http://localhost/wordpress/ has been purged, triggered by action: save_post 
[2025-05-17 13:13:37 : INFO] - Cache for URL: http://localhost/wordpress/ has been purged, triggered by action: save_post 
[2025-05-17 13:13:37 : INFO] - Cache for URL: http://localhost/wordpress/ has been purged, triggered by action: save_post 
[2025-05-17 13:13:38 : INFO] - Cache for URL: http://localhost/wordpress/ has been purged, triggered by action: save_post 
[2025-05-17 13:14:28 : INFO] - Cache for URL: http://localhost/wordpress/?elementor_library=footer has been purged, triggered by action: save_post 
[2025-05-17 13:14:28 : INFO] - Cache for URL: http://localhost/wordpress/?elementor_library=footer has been purged, triggered by action: save_post 
[2025-05-17 13:14:29 : INFO] - Cache for URL: http://localhost/wordpress/?elementor_library=footer has been purged, triggered by action: save_post 
[2025-05-17 13:14:29 : INFO] - Cache for multiple term taxonomy have been purged due to post terms update, triggered by action: set_object_terms 
[2025-05-17 13:15:54 : INFO] - Cache for URL: http://localhost/wordpress/?elementor_library=footer has been purged, triggered by action: save_post 
[2025-05-17 13:15:55 : INFO] - Cache for URL: http://localhost/wordpress/?elementor_library=footer has been purged, triggered by action: save_post 
[2025-05-17 13:15:55 : INFO] - Cache for URL: http://localhost/wordpress/?elementor_library=footer has been purged, triggered by action: save_post 
[2025-05-17 13:15:56 : INFO] - Cache for multiple term taxonomy have been purged due to post terms update, triggered by action: set_object_terms 
[2025-05-17 13:19:11 : INFO] - Full Cache Purge triggered by: plugin activation/deactivation 
[2025-05-17 13:20:52 : INFO] - Full Cache Purge triggered by: plugin activation/deactivation 
